<html>
<body>
<pre>
<h1>µVision Build Log</h1>
<h2>Tool Versions:</h2>
IDE-Version: µVision V5.29.0.0
Copyright (C) 2019 ARM Ltd and ARM Germany GmbH. All rights reserved.
License Information: moustafa abdelrahim, x, LIC=----
 
Tool Versions:
Toolchain:       MDK-Lite  Version: 5.29.0.0
Toolchain Path:  C:\Keil_v5\ARM\ARMCC\Bin
C Compiler:      Armcc.exe V5.06 update 6 (build 750)
Assembler:       Armasm.exe V5.06 update 6 (build 750)
Linker/Locator:  ArmLink.exe V5.06 update 6 (build 750)
Library Manager: ArmAr.exe V5.06 update 6 (build 750)
Hex Converter:   FromElf.exe V5.06 update 6 (build 750)
CPU DLL:         SARM.DLL V5.29.0.0
Dialog DLL:      DARMP.DLL V1.53.0.0
Target DLL:      UL2ARM.DLL V1.74.10.0
Dialog DLL:      TARMP.DLL V1.53.0.0
 
<h2>Project:</h2>
C:\Users\Genius\Desktop\clones\Graduation_Project\Demo\ARM7_LPC2129_Keil_RVDS\RTOSDemo.uvproj
Project File Date:  07/05/2023

<h2>Output:</h2>
*** Using Compiler 'V5.06 update 6 (build 750)', folder: 'C:\Keil_v5\ARM\ARMCC\Bin'
Build target 'RTOSDemo_THUMB'
compiling port.c...
compiling ParTest.c...
compiling list.c...
compiling main.c...
Starter_Files_V1\source\main.c(166): warning:  #167-D: argument of type "void *" is incompatible with parameter of type "TaskHookFunction_t"
  vTaskSetApplicationTaskTag( NULL, (void*) PIN2);
Starter_Files_V1\source\main.c(208): warning:  #167-D: argument of type "void *" is incompatible with parameter of type "TaskHookFunction_t"
  		vTaskSetApplicationTaskTag( NULL, (void*) PIN3);
Starter_Files_V1\source\main.c(242): warning:  #167-D: argument of type "void *" is incompatible with parameter of type "TaskHookFunction_t"
  	vTaskSetApplicationTaskTag( NULL, (void*) PIN4);
Starter_Files_V1\source\main.c(267): warning:  #167-D: argument of type "void *" is incompatible with parameter of type "TaskHookFunction_t"
  	vTaskSetApplicationTaskTag( NULL, (void*) PIN5);
Starter_Files_V1\source\main.c(294): warning:  #167-D: argument of type "void *" is incompatible with parameter of type "TaskHookFunction_t"
  		vTaskSetApplicationTaskTag( NULL, (void*) PIN6);
Starter_Files_V1\source\main.c(322): warning:  #167-D: argument of type "void *" is incompatible with parameter of type "TaskHookFunction_t"
  	vTaskSetApplicationTaskTag( NULL, (void*) PIN7);
Starter_Files_V1\source\main.c(360): warning:  #167-D: argument of type "void *" is incompatible with parameter of type "TaskHookFunction_t"
  		vTaskSetApplicationTaskTag( NULL, (void*) PIN9);
Starter_Files_V1\source\main.c: 7 warnings, 0 errors
compiling queue.c...
compiling serial.c...
Starter_Files_V1\source\serial.c(185): warning:  #550-D: variable "cChar"  was set but never used
  signed char cChar;
Starter_Files_V1\source\serial.c: 1 warning, 0 errors
compiling tasks.c...
..\..\Source\tasks.c(2124): warning:  #188-D: enumerated type mixed with another type
  		traceTASK_SWITCHED_IN();
..\..\Source\tasks.c(3074): warning:  #188-D: enumerated type mixed with another type
  		traceTASK_SWITCHED_OUT();
..\..\Source\tasks.c(3125): warning:  #188-D: enumerated type mixed with another type
  		traceTASK_SWITCHED_IN();
..\..\Source\tasks.c: 3 warnings, 0 errors
compiling heap_2.c...
linking...
Program Size: Code=12052 RO-data=32 RW-data=300 ZI-data=15380  
FromELF: creating hex file...
".\bin\RTOSDemo.axf" - 0 Error(s), 11 Warning(s).
Build Time Elapsed:  00:00:01
</pre>
</body>
</html>
